================================================================================
  LocaScope — Milestone Log
  記錄重大進展，每個里程碑代表一個有意義的能力躍升

  編號規則
    兩個檔案共用同一個 M 編號命名空間，M<n> 一律指本檔的條目。
    本檔記「這個里程碑改變了什麼能力」，實作細節留在 TODO.log 已完成區：
      M4    -> TODO.log :1142   整合 synth_fov_generator + query_sim
      M4.1  -> TODO.log :1072   Camera abstraction + QueryFromWSI refactor
      M4.2  -> TODO.log :851    移除 stratify + mpp jitter + 多相機 query
      M5    -> TODO.log :780    端到端三階段 bench
    行號會隨 TODO.log 增修而移動，對不上時以標題為準。
    2026-08-08 原 M4.1 從缺，M4.2 / M4.3 依序上移為 M4.1 / M4.2。
================================================================================

────────────────────────────────────────────────────────────────────────────────
  M1 | 2026-07-19 | Pipeline 骨架成形
────────────────────────────────────────────────────────────────────────────────
  完整的三階段定位 pipeline 首次能夠端對端執行：

  - Stage 1  GigaPathKnnEstiMpp   — query image MPP 自動估算（KNN on GigaPath features）
  - Stage 2  GigaPathSlideWinSim  — WSI 滑動視窗相似度搜尋（unfold + cosine sim）
  - Stage 3  SiftRansacLocalizer  — sub-tile 定位（SIFT + RANSAC）

  支撐基礎設施：
  - PatchingLib（973 行）：PatchGrid / FeaturesMap / QueryPatchContainer / WsiTissuesContainer
  - TissuesRegionsMask：WSI 組織遮罩 + 座標系
  - TileSampler：WSI tile 隨機採樣
  - query_sim：顯微鏡照片物理模擬（lens / field / capture 三層效果）
  - aiNNModel：GigaPath + HEST 兩個模型封裝

  初次 git init 並推送至 GitHub（Avanti-MH/LocaScope）。

────────────────────────────────────────────────────────────────────────────────
  M2 | 2026-07-21 | 組織分割介面統一 + 安全修復
────────────────────────────────────────────────────────────────────────────────
  - from_wsi 改用 ds / level 精確控制解析度（告別 get_thumbnail 座標偏差）
  - make_hest_method 讓 DeepLab DL segmentation 與 HSV 共用同一介面
  - SiftRansacResult.level 讓誤差報告顯示真實 level 編號
  - HF token 移出程式碼，首次通過 GitHub push protection
  - 完整 SLURM job scripts + Makefile + gitignore，專案可在叢集獨立重現

────────────────────────────────────────────────────────────────────────────────
  M3 | 2026-07-23 | ToMe x GigaPath (ViT-g) LayerScale 相容 bug 的挖掘與修復
────────────────────────────────────────────────────────────────────────────────
  背景（一句話）
  ────────────
  為驗證 BenchMarkV2 的 9.4x speedup 是否安全進 production，寫了一支
  bench_gigapath_accuracy.py（cos-sim + top-K overlap 分析），順手把 HEST
  大圖 OOM 用 adaptive tile-and-stitch 解掉。真正的重點來自第一次跑出的
  結果一眼看不對，追查後發現 ToMe 對 GigaPath 這類「現代深層 ViT」根本
  沒生效，並把它修好。

  ═══════════════════════════════════════════════════════════════════════
  症狀：一份完全不合理的表
  ═══════════════════════════════════════════════════════════════════════

  第一次真跑（512 patches on SVS+MRXS）的 Level 1 表：

    fp16 only         mean=0.99999  std=0.00003    <- fp16 幾乎無損，合理
    ToMe r=4          mean=0.01481  std=0.02007    <- cos ~ 0.015 = 隨機正交
    ToMe r=8          mean=0.01481  std=0.02007    <- 三個 r 統計數字完全相同?
    ToMe r=16         mean=0.01481  std=0.02007
    fp16 + ToMe r=8   mean=nan      std=nan        <- NaN 崩掉

  三個 r 完全不同，統計卻一模一樣；而且 cos ~ 0.015 表示嵌入跟 baseline
  幾乎垂直（隨機方向）。這不是「ToMe 造成一點精度損失」，是「輸出根本
  不是有意義的 embedding」。

  ═══════════════════════════════════════════════════════════════════════
  一步步找元兇：8 個假設的排除法
  ═══════════════════════════════════════════════════════════════════════

  ── [1] r 值有沒有真的傳進去? ──────────────────────────────────────────

  假設：r=4/8/16 統計相同 -> r 沒生效，實際跑的是同一個 r。

  驗證：檢查各 config 的 encode 時間
    r=4 : 27.6s   r=8 : 22.5s   r=16 : 18.3s

  結論：時間**明確**隨 r 遞減，ToMe 有在 merge token，r 有生效。
        跟統計「一模一樣」矛盾。假設否決。

  ── [2] 三個 config 的 embedding 是不是真的相同? ──────────────────────

  假設：時間差可能只是 GPU warmup 噪聲，其實輸出 tensor 相同。

  驗證：
    torch.equal(emb_r=4, emb_r=8)  = False
    torch.equal(emb_r=8, emb_r=16) = False

  但三者 std 都是 0.025514。注意這個數字：
    1 / sqrt(1536) = 0.025514...
  這正是**1536 維 unit-normalized 隨機向量**的分量 std（中央極限定理）。

  結論：三個 config 輸出的 embedding 各自不同，但**都是隨機方向的 unit
        vector**。ToMe 有跑，只是產出全部被破壞成 noise。這是第一個決定性
        線索：問題不是「r 有沒有生效」，是「forward 的輸出跟輸入根本沒關聯」。

  ── [3] ToMe 的 API 我們用錯了嗎? ─────────────────────────────────────

  假設：也許 model.r = r 沒被 forward 讀到，實際跑的 r 是初始的 0。

  驗證：讀 tome/patch/timm.py 原始碼：

    def apply_patch(model, ...):
        model.__class__ = ToMeVisionTransformer   # monkey-patch class
        model.r = 0
        model._tome_info = {"r": model.r, ...}
        for module in model.modules():
            if isinstance(module, Block):
                module.__class__ = ToMeBlock
            elif isinstance(module, Attention):
                module.__class__ = ToMeAttention

    class ToMeVisionTransformer(transformer_class):
        def forward(self, *args, **kw):
            # 關鍵：每次 forward 開頭根據當下 self.r 重刷 r 表
            self._tome_info["r"] = parse_r(len(self.blocks), self.r)
            return super().forward(*args, **kw)

  結論：我們 gigapath_apply_tome 裡 tome.patch.timm(model) 完後設
        model.r = r，每次 forward 都會重新讀。API 用對，r 有生效
        （這與 [1] 的時間差一致）。假設否決。

  ── [4] GigaPath 用了 timm 標準 Block / Attention 嗎? ─────────────────

  假設：tome 用 isinstance(module, timm.Block) 檢查是否要 patch。若
        GigaPath 繼承出自己的 Block（有客製邏輯），tome 換成 ToMeBlock
        就會**掉失客製邏輯** -> 隨機輸出。

  驗證：
    block[0].__class__ = timm.models.vision_transformer.Block
    attn.__class__     = timm.layers.attention.Attention
    isinstance(block[0], timm.Block)          = True
    isinstance(block[0].attn, timm.Attention) = True

  結論：GigaPath 用的是**純 timm 標準 Block + Attention**，沒繼承客製化。
        假設否決。

  ── [5] 是不是 QK-Norm 被 tome 繞掉? ───────────────────────────────────

  假設：現代 timm Attention.forward 有 q_norm / k_norm（QK-Normalization，
        DINOv2 訓練穩定用），tome 的舊版 ToMeAttention 是手寫 attention
        沒實作 q_norm/k_norm。若 GigaPath 開了 QK-Norm，tome 換成
        ToMeAttention -> 正規化被繞掉 -> attention 分布爆掉。

  驗證：
    attn.q_norm type          = Identity
    attn.k_norm type          = Identity
    attn.q_norm is nn.Identity = True

  結論：GigaPath 的 q_norm / k_norm 是 Identity（沒開 QK-Norm）。
        假設否決。

  ── [6] 是不是 fused_attn vs 手寫 attention 累積 40 層漂移? ────────────

  假設：GigaPath 用 fused_attn=True 走 F.scaled_dot_product_attention
        （flash-attn 快徑），tome 的 ToMeAttention 強制手寫
        q @ k.T -> softmax -> @ v。fp32 下數學等價但實際數值有 1e-6 級
        差異 -> 疊 40 blocks 可能雪球累積。

  驗證：寫個最小可重現腳本，分三 part 逐步判斷：

    PART 1 | 單一 block[0] attention，同一個 x 輸入
             timm fused 直接 forward   vs   tome patch 後手寫 attn forward
             diff mean = 1.01e-6      diff max = 8.58e-6
             cos = 1.000000
             -> 單層來看，兩者實質等價（差在 fp32 底噪）

    PART 2 | 完整 model 對照：
             (a) 全部 block.attn.fused_attn = False 的原生 timm 走手寫 attn
             (b) tome patch + r=0（也走手寫 attn，且 r=0 完全不 merge）
             (a) vs (b) cos = 0.008219
             -> 兩邊都走手寫 attention 且 r=0 沒 merge，結果卻正交!
             -> 問題不在 attention，一定在 ToMeBlock 的其他地方

    PART 3 | 原生 fused baseline 對比手寫、tome r=0：
             原生 fused vs 手寫（fused=False） cos = 1.000000
             原生 fused vs tome r=0            cos = 0.008219
             -> 手寫 attention 完全沒問題；ToMe 的 ToMeBlock 才是元兇

  結論：問題不在 attention 邏輯，也不在 fused vs 手寫。**在 ToMeBlock 的
        forward 有東西不對**。這是第二個決定性線索：範圍縮小到 ToMeBlock。

  ── [7] diff ToMeBlock.forward vs timm Block.forward ─────────────────

  兩者對 look：

    timm 現代 Block.forward:
        x = x + self.drop_path1( self.ls1( self.attn(self.norm1(x)) ) )
        x = x + self.drop_path2( self.ls2( self.mlp(self.norm2(x)) ) )

    tome ToMeBlock.forward (tome/patch/timm.py:27):
        x_attn, metric = self.attn(self.norm1(x), attn_size)
        x = x + self._drop_path1( x_attn )                      # <-- 少 self.ls1
        r = self._tome_info["r"].pop(0)
        if r > 0:
            merge, _ = bipartite_soft_matching(metric, r, ...)
            x, self._tome_info["size"] = merge_wavg(merge, x, ...)
        x = x + self._drop_path2( self.mlp(self.norm2(x)) )     # <-- 少 self.ls2

  找到！tome 的 ToMeBlock **完全略過 self.ls1 / self.ls2（LayerScale）**。
  drop_path、norm、attn、mlp 都在，就是漏了 LayerScale。

  ── [8] 確認 GigaPath 真的有 LayerScale ───────────────────────────────

    blocks[0].ls1 type         = LayerScale
    blocks[0].ls1 is Identity  = False
    blocks[0].ls1.gamma        shape=(1536,)  mean=0.000428  std=0.013287

  gamma 平均 4.3e-4，1536 維每個 channel 有自己的 gamma。這就是元兇。

  ═══════════════════════════════════════════════════════════════════════
  原理：為什麼漏了 LayerScale 會讓 forward 直接崩掉
  ═══════════════════════════════════════════════════════════════════════

  LayerScale (Touvron et al. 2021, "Going deeper with image transformers")
  是深 ViT 的必備零件：

      y = x + LayerScale( F(x) )
      LayerScale(z) = gamma * z         (element-wise，gamma 可學)

  gamma 初始很小（~1e-4~1e-5），效果等同「residual branch 一開始幾乎不
  貢獻，訓練期間慢慢學到有效權重」。這對 40 blocks 的 ViT-g 是穩定訓練
  的關鍵：沒 LayerScale，40 層 residual 累積會讓 activation 指數爆炸。

  GigaPath 是 prov-gigapath ViT-g，40 blocks，DINOv2 血統，一定用
  LayerScale。實測 gamma 平均 4.3e-4 -> residual branch 應該只貢獻
  ~0.04%。

  tome ToMeBlock 略過 self.ls1 / self.ls2 -> residual branch 直接以**全
  放大 2000 多倍**的幅度加回主幹 -> 幾個 block 內 activation 就爆炸 ->
  最終 embedding 完全跟輸入無關 -> 隨機方向的 unit vector。

  為什麼 tome 不處理 LayerScale？tome 論文 (Bolya et al. 2023) 出的時候
  timm ViT 還沒普及 LayerScale（只有 CaiT 等少數用），upstream 也就沒
  實作。現代 ViT-g / DINOv2 / OpenCLIP-ViT-H 全都用 LayerScale，這些
  模型接 tome 都會踩雷，但 symptom 是「速度確實變快但下游任務精度異常
  低」 -- 很容易誤診成「ToMe 對這模型精度損失就是這麼大」而不繼續追。

  ═══════════════════════════════════════════════════════════════════════
  修法：class-level monkey-patch ToMeBlock.forward
  ═══════════════════════════════════════════════════════════════════════

  aiNNModel/GigaPathFunc.py 的 gigapath_apply_tome 在 tome.patch.timm(model)
  之後把 ToMeBlock.forward 換成加了 ls1/ls2 的版本：

      def _forward_with_ls(self, x):
          attn_size = self._tome_info['size'] if self._tome_info['prop_attn'] else None
          x_attn, metric = self.attn(self.norm1(x), attn_size)
          x = x + self._drop_path1( self.ls1(x_attn) )                       # <-- 補回 ls1
          r_ = self._tome_info['r'].pop(0)
          if r_ > 0:
              merge, _ = bipartite_soft_matching(metric, r_,
                          self._tome_info['class_token'],
                          self._tome_info['distill_token'])
              if self._tome_info['trace_source']:
                  self._tome_info['source'] = merge_source(merge, x, self._tome_info['source'])
              x, self._tome_info['size'] = merge_wavg(merge, x, self._tome_info['size'])
          x = x + self._drop_path2( self.ls2(self.mlp(self.norm2(x))) )      # <-- 補回 ls2
          return x

      ToMeBlock.forward = _forward_with_ls

  改的是 class 屬性（不是 instance），tome.patch.timm 之後每個 block 的
  __class__ 都被指向 ToMeBlock，class 上一改 forward 全體生效。

  ═══════════════════════════════════════════════════════════════════════
  驗證
  ═══════════════════════════════════════════════════════════════════════

  修完在 4 張合成 patch 上實測（同一個 baseline 對比 tome 各 r）：

    r=0    cos vs baseline = 1.000000    <- patch 無害，等同 baseline (sanity)
    r=2    cos vs baseline = 0.970476    <- ~3% 損失
    r=4    cos vs baseline = 0.903425    <- ~10% 損失
    r=8    cos vs baseline = 0.779368    <- ~22% 損失，可用但邊緣

  對照修**前** r=8 cos ~ 0.015（純隨機），修**後** 0.779 是真實可用的
  壓縮嵌入。ToMe 首次在 GigaPath 上產出有語意的輸出。

  ═══════════════════════════════════════════════════════════════════════
  可以 PR 回 upstream
  ═══════════════════════════════════════════════════════════════════════

  這是 facebookresearch/ToMe 的相容 bug，可以貢獻回去。防禦式寫法：

      ls1 = getattr(self, 'ls1', torch.nn.Identity())
      ls2 = getattr(self, 'ls2', torch.nn.Identity())
      x = x + self._drop_path1( ls1(x_attn) )
      x = x + self._drop_path2( ls2(self.mlp(self.norm2(x))) )

  舊版 timm（沒 ls1/ls2）走 Identity 不受影響，新版有 LayerScale 就正確
  respect。

  ═══════════════════════════════════════════════════════════════════════
  順手完成（技術含量不高，一併記錄）
  ═══════════════════════════════════════════════════════════════════════

  - accuracy 分析框架 bench_gigapath_accuracy.py（L1 embedding fidelity
    分布 + L2 pairwise ranking preservation top-K overlap + Spearman）。
  - TissuesRegionsMask.from_wsi 加 max_pixels + overlap 參數，走 adaptive
    halving（每步對半切較長邊直到每 tile <= max_pixels）+ 邊界 overlap
    trim 拼回，解 HEST 對大 MRXS thumbnail 的 OOM。
  - 專案輸出路徑統一為 result/<SLURM_JOB_NAME>；byproducts 到 log/tmp。

────────────────────────────────────────────────────────────────────────────────
  M4 | 2026-07-23 | 合成 query 的產生器統一為一個 package
────────────────────────────────────────────────────────────────────────────────
  把 synth_fov_generator 的批量 / GT / tissue / rotation+scale，與既有 query_sim
  的 cv2 augment 精度，合併成單一 package，命名保留 query_sim。

  - 三層 API：config + record -> source + augment -> pipeline + generator + cli
  - 每個 augment 取兩邊較精確的實作：rotation 90/180/270 走 lossless cv2.rotate，
    lens distortion 用 sub-pixel remap 而非 int cast
  - 兩個 SHIM 檔讓三個既有 test 完全不必改

  能力躍升：從「一次做一張示範圖」變成「能產出帶完整 GT 的合成 query 批次」。
  → 實作細節：TODO.log :1142

────────────────────────────────────────────────────────────────────────────────
  M4.1 | 2026-07-23 | Camera 抽象：一台相機 = QFW + DomainGapConfig + RNG
────────────────────────────────────────────────────────────────────────────────
  - QueryFromWSI 重寫：拿掉佔位座標，改成 crop(x, y) -> PIL | None
  - Camera 成為中心抽象：不同 cfg = 不同顯微鏡，不同 seed = 不同曝光
  - Bounding-square 讀入（邊長 = FoV 對角線），任何旋角都不必 tune margin，
    代價是約 2x 讀入像素
  - generator 本體 loop 從 40 行縮到約 15 行

  能力躍升：合成 query 的「相機」第一次成為可替換、可重現的物件。
  → 實作細節：TODO.log :1072

────────────────────────────────────────────────────────────────────────────────
  M4.2 | 2026-07-27 | region_type 被實測否決，改出多相機混合的 query 批次
────────────────────────────────────────────────────────────────────────────────
  classify_region 的 edge threshold 掃過 6 片 WSI x 每個 level 300 樣本後確認，
  單一 threshold 在整個 corpus 上不成立：

    L0 中位數  ADH 0.19 / FEA 0.28 / DCIS 0.32 / Ki67 三片 0.16-0.31
    同一個 Ki67 dataset 內部就差 2 倍

  決策是把 region_type 整條移除，而不是重新校準——per-slide percentile 校準的
  成本大於收益。這是 ClaudeRules 7「校準，不是猜測」的原始案例。

  同時完成：
  - query_mpp_jitter（模擬顯微鏡 mpp 標定不準），gt.csv 記 nominal / effective
  - cli/multi_batch.py：多 WSI x 每個 pyramid level 各一台 Camera，統一 out_dir
    與單一 gt.csv；被 skip 的相機寫 skips.csv 並自動畫診斷圖

  → 實作細節：TODO.log :851

────────────────────────────────────────────────────────────────────────────────
  M5 | 2026-07-27 | 三階段端到端首次可量
────────────────────────────────────────────────────────────────────────────────
  - LocaScopePipeline：per-WSI 一個物件，build() 做一次性設定，run(img) 走完
    stage 1 -> level routing -> stage 2 -> stage 3。三個 stage 各自 try/except，
    後段失敗不吃掉前段結果
  - rotation-aware retrieval 採方案 A（query 端轉 0/90/180/270 各自 encode），
    WSI features 只 encode 一次
  - 中心誤差取代左上角誤差：旋轉是繞 FoV 中心做的，中心才是旋轉不變量。
    metrics.csv 兩組並存，讓 artefact 的大小保持可見。這是 ClaudeRules 8 的
    原始案例。

  能力躍升：三個 stage 的能力第一次可以分開量，而不是只看最終有沒有對。
  → 實作細節：TODO.log :780

────────────────────────────────────────────────────────────────────────────────
  M6 | 2026-08-05 | 破洞修復讓真實照片高信心定位率首次移動，並暴露 retrieval 的尺寸偏差
────────────────────────────────────────────────────────────────────────────────
  SafeSlide.read_region 在失敗時對半細分再重讀，遞迴到 min_chunk=64 為止。
  openslide 只要矩形內有任一塊缺失就讓整個矩形失敗，而 WsiTissuesContainer
  是一個 tissue region 讀一個矩形——所以一塊壞掉的 128px tile 會讓整片組織
  變空白。

  ═══════════════════════════════════════════════════════════════════════
  修復本身
  ═══════════════════════════════════════════════════════════════════════

  S1137178，level 0 與 level 1 各一次失敗，同一個原點：

    修前  2    次失敗，放棄 618,800,000 px   (level 0: x=37476 y=56228
                                              size=32500x15232 = 7.9 x 3.7 mm)
    修後  1937 次失敗，放棄   7,317,457 px   handle reopen 4048 次

  救回 98.8%。代價是整片 92.5 -> 99.3 分鐘（+7.4%），而且只在失敗路徑上——
  10 片 Ki67 有 8 片任何層都沒有洞，完全不付代價。

  ═══════════════════════════════════════════════════════════════════════
  對高信心定位率的影響：+33 與 -15 是兩件不同的事
  ═══════════════════════════════════════════════════════════════════════

  S1137178，189 張真實照片，high 從 48 (25.4%) 到 66 (34.9%)。但淨 +18 是
  相減後的數字，不是任何單一效果：

    組別            n    retr_score 前->後   margin 前->後    落在舊空白區
    stayed_high    33    0.5895 -> 0.5895   0.0497 -> 0.0445    0/33
    gained         33    0.5229 -> 0.5684   0.0124 -> 0.0373   33/33
    lost           15    0.5478 -> 0.5594   0.0106 -> 0.0112   15/15
    stayed_failed 108    0.5372 -> 0.5552   0.0077 -> 0.0075   75/108

  gained 33 張是真的修對了：score +0.045、margin 三倍，SIFT 高 inlier 驗證。
  這些照片的真實位置本來就在被空白掉的組織裡，retrieval 以前提不出來。

  lost 15 張是退步。它們的舊答案有 218 到 915 個 inlier——那是 RANSAC 幾何
  驗證過的，不是猜的。被一個只高 0.012 分、margin 只有 0.011 的視窗擠掉，
  inlier 塌到 2-6，位置移動 40,000-54,000 px（約 10-13 mm）。

  ═══════════════════════════════════════════════════════════════════════
  機制：retrieval 的最大值偏向大 region
  ═══════════════════════════════════════════════════════════════════════

  那塊組織是 region 0，7.9 x 3.7 mm，遠大於其他 region。baseline 從未使用
  過 region 0（只用 1 / 2 / 6），因為它的特徵全是空白。修復後 123/189 =
  65% 的預測落在 region 0，而其中只有 33 張通過 SIFT 驗證。

  find_best 取的是所有擺放位置的最大平均餘弦。一個大 region 提供的位置多
  一個數量級，光靠取樣數多，最大值就會偏高。這個偏差一直都在，只是被一個
  資料 bug 蓋住了。

  證據在 margin：region 0 只搶得走 margin 0.011 的照片，搶不動 margin
  0.045 的那 33 張。它不是變強，是變得有資格參賽。

  結論：SafeSlide 沒有製造這個問題，它讓問題第一次可見。任何在舊行為下做的
  retrieval 調校，都是在一個少了最大一塊組織的 slide 上調的。不退回
  min_chunk=0——那等於為了帳面數字故意丟掉 495 Mpx 的真實組織。

  ═══════════════════════════════════════════════════════════════════════
  這個數字的效力邊界
  ═══════════════════════════════════════════════════════════════════════

  - high 是 SIFT inlier 給的信心標籤。真實照片沒有 ground truth，所以這是
    「更多照片被有把握地定位」，不是「更多照片定位對了」。
  - confidence 其實是四級不是兩級：failed / low / medium / high，由
    locate_photo.classify() 依 inlier 數切在 30 與 100，而那兩個門檻程式碼
    自己註明是猜的、未經校準。S1137178 這片剛好一張 medium / low 都沒有，
    上面的 2x2 才剛好成立；別片有（S1103520 就有 18 張），換片不能照抄。
  - 只有兩片有 baseline 可比。S1103037 也有洞但沒有大空白區，淨 -2
    （0 進 2 出）——反過來說明沒有大空白的片子 SafeSlide 幾乎不動它。
  - 歸因驗證過：兩次跑之間其他未提交改動都是等價重構（find_best 的
    _window_xy 抽取）、值未變（knn_tissue_ratio 0.5 -> 0.5）、或不在
    realtest 路徑上（top_k 只有 bench_locascope 呼叫、query_sim、繪圖）。

  ═══════════════════════════════════════════════════════════════════════
  下一步已經有明確目標
  ═══════════════════════════════════════════════════════════════════════

  lost 15 張的真答案幾乎確定在 top-K 裡——它上一輪就是 rank 1。top_k() 與
  SlideWinSimCandidate 的五個 best_* alias 就是為此鋪的：把 K 個候選全部送
  進 SiftRansacLocalizer、取 inlier 最多的。這 15 張的 inlier 是 218-915，
  對手 2-6，不可能輸；gained 33 張也不會掉。淨值應該從 +18 走向 +33。

  ═══════════════════════════════════════════════════════════════════════
  順手完成
  ═══════════════════════════════════════════════════════════════════════

  - Camera.__iter__ 的放棄機制：連續 50 次被拒就 return，讓 multi_batch 既有
    的 skips.csv 路徑生效（該路徑先前結構上不可達：for 迴圈只能靠 break 結束，
    而 break 需要至少一次成功）。
  - multi_batch 每片 WSI 只建一次 tissue mask（from_wsi + filter_regions +
    merge_overlapping 與 level 無關，只有 filter_patchable 有關）。
  - TissuesRegionsMask.from_wsi 改用 SafeSlide.read_region_rgb：.convert('RGB')
    會把每個破洞畫成純黑，HSV 與 Otsu 恰好會拒絕黑色，但分割模型不會。
  - tissue_ratio 按矩形尺度分家：query_sim 的 FoV 路徑 0.3，tile 尺度的
    TileSampler / stage 1 KNN 參考庫 / accuracy bench 維持 0.5。

================================================================================
